mode: set
lmzsoftware.com/lzuccarelli/golang-blockchain-insert/pkg/validator/validate.go:14.59,18.27 4 1
lmzsoftware.com/lzuccarelli/golang-blockchain-insert/pkg/validator/validate.go:26.2,26.12 1 1
lmzsoftware.com/lzuccarelli/golang-blockchain-insert/pkg/validator/validate.go:18.27,19.15 1 1
lmzsoftware.com/lzuccarelli/golang-blockchain-insert/pkg/validator/validate.go:19.15,22.4 2 1
lmzsoftware.com/lzuccarelli/golang-blockchain-insert/pkg/validator/validate.go:22.9,24.4 1 1
lmzsoftware.com/lzuccarelli/golang-blockchain-insert/pkg/validator/validate.go:32.50,39.26 2 1
lmzsoftware.com/lzuccarelli/golang-blockchain-insert/pkg/validator/validate.go:44.2,44.12 1 1
lmzsoftware.com/lzuccarelli/golang-blockchain-insert/pkg/validator/validate.go:39.26,40.54 1 1
lmzsoftware.com/lzuccarelli/golang-blockchain-insert/pkg/validator/validate.go:40.54,42.4 1 1
lmzsoftware.com/lzuccarelli/golang-blockchain-insert/pkg/handlers/handlers.go:50.75,53.16 3 1
lmzsoftware.com/lzuccarelli/golang-blockchain-insert/pkg/handlers/handlers.go:56.2,56.24 1 1
lmzsoftware.com/lzuccarelli/golang-blockchain-insert/pkg/handlers/handlers.go:53.16,55.3 1 0
lmzsoftware.com/lzuccarelli/golang-blockchain-insert/pkg/handlers/handlers.go:102.50,104.16 2 1
lmzsoftware.com/lzuccarelli/golang-blockchain-insert/pkg/handlers/handlers.go:107.2,107.30 1 1
lmzsoftware.com/lzuccarelli/golang-blockchain-insert/pkg/handlers/handlers.go:104.16,106.3 1 0
lmzsoftware.com/lzuccarelli/golang-blockchain-insert/pkg/handlers/handlers.go:111.55,113.18 2 1
lmzsoftware.com/lzuccarelli/golang-blockchain-insert/pkg/handlers/handlers.go:117.2,118.20 2 1
lmzsoftware.com/lzuccarelli/golang-blockchain-insert/pkg/handlers/handlers.go:128.2,128.33 1 1
lmzsoftware.com/lzuccarelli/golang-blockchain-insert/pkg/handlers/handlers.go:113.18,115.3 1 0
lmzsoftware.com/lzuccarelli/golang-blockchain-insert/pkg/handlers/handlers.go:119.25,121.17 2 1
lmzsoftware.com/lzuccarelli/golang-blockchain-insert/pkg/handlers/handlers.go:124.3,124.15 1 1
lmzsoftware.com/lzuccarelli/golang-blockchain-insert/pkg/handlers/handlers.go:125.10,126.69 1 0
lmzsoftware.com/lzuccarelli/golang-blockchain-insert/pkg/handlers/handlers.go:121.17,123.4 1 0
lmzsoftware.com/lzuccarelli/golang-blockchain-insert/pkg/handlers/handlers.go:131.54,133.23 2 1
lmzsoftware.com/lzuccarelli/golang-blockchain-insert/pkg/handlers/handlers.go:139.2,139.20 1 1
lmzsoftware.com/lzuccarelli/golang-blockchain-insert/pkg/handlers/handlers.go:134.23,135.29 1 1
lmzsoftware.com/lzuccarelli/golang-blockchain-insert/pkg/handlers/handlers.go:136.10,137.60 1 0
lmzsoftware.com/lzuccarelli/golang-blockchain-insert/pkg/handlers/handlers.go:164.59,169.2 4 1
lmzsoftware.com/lzuccarelli/golang-blockchain-insert/pkg/handlers/handlers.go:182.55,184.16 2 1
lmzsoftware.com/lzuccarelli/golang-blockchain-insert/pkg/handlers/handlers.go:187.2,190.56 4 1
lmzsoftware.com/lzuccarelli/golang-blockchain-insert/pkg/handlers/handlers.go:193.2,195.24 3 1
lmzsoftware.com/lzuccarelli/golang-blockchain-insert/pkg/handlers/handlers.go:184.16,186.3 1 0
lmzsoftware.com/lzuccarelli/golang-blockchain-insert/pkg/handlers/handlers.go:190.56,192.3 1 0
lmzsoftware.com/lzuccarelli/golang-blockchain-insert/pkg/handlers/handlers.go:198.96,203.16 5 1
lmzsoftware.com/lzuccarelli/golang-blockchain-insert/pkg/handlers/handlers.go:212.2,213.16 2 1
lmzsoftware.com/lzuccarelli/golang-blockchain-insert/pkg/handlers/handlers.go:223.2,228.42 6 1
lmzsoftware.com/lzuccarelli/golang-blockchain-insert/pkg/handlers/handlers.go:242.2,244.27 3 1
lmzsoftware.com/lzuccarelli/golang-blockchain-insert/pkg/handlers/handlers.go:203.16,210.3 6 1
lmzsoftware.com/lzuccarelli/golang-blockchain-insert/pkg/handlers/handlers.go:213.16,220.3 6 1
lmzsoftware.com/lzuccarelli/golang-blockchain-insert/pkg/handlers/handlers.go:228.42,232.3 3 1
lmzsoftware.com/lzuccarelli/golang-blockchain-insert/pkg/handlers/handlers.go:232.8,234.17 2 1
lmzsoftware.com/lzuccarelli/golang-blockchain-insert/pkg/handlers/handlers.go:234.17,237.4 2 0
lmzsoftware.com/lzuccarelli/golang-blockchain-insert/pkg/handlers/handlers.go:237.9,240.4 2 1
lmzsoftware.com/lzuccarelli/golang-blockchain-insert/pkg/handlers/handlers.go:247.84,251.15 2 1
lmzsoftware.com/lzuccarelli/golang-blockchain-insert/pkg/handlers/handlers.go:255.2,256.16 2 1
lmzsoftware.com/lzuccarelli/golang-blockchain-insert/pkg/handlers/handlers.go:261.2,264.16 3 1
lmzsoftware.com/lzuccarelli/golang-blockchain-insert/pkg/handlers/handlers.go:268.2,273.16 5 1
lmzsoftware.com/lzuccarelli/golang-blockchain-insert/pkg/handlers/handlers.go:277.2,280.16 3 1
lmzsoftware.com/lzuccarelli/golang-blockchain-insert/pkg/handlers/handlers.go:284.2,285.18 2 1
lmzsoftware.com/lzuccarelli/golang-blockchain-insert/pkg/handlers/handlers.go:289.2,291.16 3 1
lmzsoftware.com/lzuccarelli/golang-blockchain-insert/pkg/handlers/handlers.go:294.2,297.18 3 1
lmzsoftware.com/lzuccarelli/golang-blockchain-insert/pkg/handlers/handlers.go:251.15,253.3 1 1
lmzsoftware.com/lzuccarelli/golang-blockchain-insert/pkg/handlers/handlers.go:256.16,259.3 2 0
lmzsoftware.com/lzuccarelli/golang-blockchain-insert/pkg/handlers/handlers.go:264.16,267.3 2 0
lmzsoftware.com/lzuccarelli/golang-blockchain-insert/pkg/handlers/handlers.go:273.16,276.3 2 0
lmzsoftware.com/lzuccarelli/golang-blockchain-insert/pkg/handlers/handlers.go:280.16,283.3 2 0
lmzsoftware.com/lzuccarelli/golang-blockchain-insert/pkg/handlers/handlers.go:285.18,288.3 2 0
lmzsoftware.com/lzuccarelli/golang-blockchain-insert/pkg/handlers/handlers.go:291.16,293.3 1 0
lmzsoftware.com/lzuccarelli/golang-blockchain-insert/pkg/handlers/handlers.go:301.54,303.2 1 1
lmzsoftware.com/lzuccarelli/golang-blockchain-insert/pkg/handlers/handlers.go:306.57,312.2 4 1
